encoded data (19 bytes): "\130\129*\nhello\021\"\024\nhello\000"
msg name=hello seq=42
read field "" ty=I32 id=1
got field x
got field y
got end of message
transfer to debug protocol
tokens: [msg_begin("hello",MSG_ONEWAY,seq=42);msg_end;struct_begin("");
         field_begin("",I32,1);17l;field_end;field_begin("",BINARY,2);
         binary("hello");field_end;field_stop;struct_end]
re-encoded tokens: "\130\129*\nhello\021\"\024\nhello\000"
data = data'? true
