c = (Ok 24)
c = (Ok "world!")
c = (Ok {"x": 1, "is_nice?": true, "b": 2})
c = (Ok true)
c = (Ok [true;42;3;"12 = 10+2 "])
